
> rest-express@1.0.0 build
> tsx ./script/bundle.ts

building client...
[36mvite v5.4.20 [32mbuilding for production...[36m[39m
transforming...
node.exe : 
At C:\Program 
Files\npm.ps1:29 
char:3
+   & $NODE_EXE 
$NPM_CLI_JS $args
+   ~~~~~~~~~~~~~~~~~~
~~~~~~~~~~~
    + CategoryInfo    
          : NotSpeci  
  fied: (:String) [   
 ], RemoteExceptio    
n
    + FullyQualifiedE 
   rrorId : NativeCo  
  mmandError
 
A PostCSS plugin did 
not pass the `from` 
option to 
`postcss.parse`. This 
may cause imported 
assets to be 
incorrectly 
transformed. If 
you've recently added 
a PostCSS plugin that 
raised this warning, 
please contact the 
package author to fix 
the issue.
[32mΓ£ô[39m 11 modules transformed.
[31mx[39m Build 
failed in 3.61s
[31m[vite:esbuild] 
Transform failed with 
1 error:
C:/Users/Evatec/Music/
RentFlow-Dashboard/cli
ent/src/pages/payments
.tsx:476:24: ERROR: 
The character ">" is 
not valid inside a 
JSX element[39m
file: [36mC:/Users/Ev
atec/Music/RentFlow-Da
shboard/client/src/pag
es/payments.tsx:476:24
[39m
[33m
[33mThe character 
">" is not valid 
inside a JSX 
element[33m
474|                  
        >
475|                  
          View Details
476|                  
        >
   |                  
        ^
477|                  
          View Details
478|                  
        </Button>
[39m
    at 
failureErrorWithLog (C
:\Users\Evatec\Music\R
entFlow-Dashboard\node
_modules\vite\node_mod
ules\esbuild\lib\main.
js:1472:15)
    at C:\Users\Evatec
\Music\RentFlow-Dashbo
ard\node_modules\vite\
node_modules\esbuild\l
ib\main.js:755:50
    at responseCallbac
ks.<computed> (C:\User
s\Evatec\Music\RentFlo
w-Dashboard\node_modul
es\vite\node_modules\e
sbuild\lib\main.js:622
:9)
    at 
handleIncomingPacket (
C:\Users\Evatec\Music\
RentFlow-Dashboard\nod
e_modules\vite\node_mo
dules\esbuild\lib\main
.js:677:12)
    at 
Socket.readFromStdout 
(C:\Users\Evatec\Music
\RentFlow-Dashboard\no
de_modules\vite\node_m
odules\esbuild\lib\mai
n.js:600:7)
    at Socket.emit 
(node:events:518:28)
    at addChunk (node:
internal/streams/reada
ble:561:12)
    at readableAddChun
kPushByteMode (node:in
ternal/streams/readabl
e:512:3)
    at Readable.push (
node:internal/streams/
readable:392:5)
    at 
Pipe.onStreamRead (nod
e:internal/stream_base
_commons:189:23) {
  errors: 
[Getter/Setter],
  warnings: 
[Getter/Setter],
  frame: '\n' +
    '\x1B[33mThe 
character ">" is not 
valid inside a JSX 
element\x1B[39m\n' +
    '474|             
             >\n' +
    '475|             
               View 
Details\n' +
    '476|             
             >\n' +
    '   |             
             ^\n' +
    '477|             
               View 
Details\n' +
    '478|             
             
</Button>\n',
  loc: {
    column: 24,
    file: 'C:/Users/Ev
atec/Music/RentFlow-Da
shboard/client/src/pag
es/payments.tsx',
    length: 1,
    line: 476,
    lineText: '       
                 >',
    namespace: '',
    suggestion: 
"{'>'}"
  },
  code: 
'PLUGIN_ERROR',
  plugin: 
'vite:esbuild',
  hook: 'transform',
  id: 'C:/Users/Evatec
/Music/RentFlow-Dashbo
ard/client/src/pages/p
ayments.tsx',
  watchFiles: [
    'C:/Users/Evatec/M
usic/RentFlow-Dashboar
d/client/index.html',
    'C:/Users/Evatec/M
usic/RentFlow-Dashboar
d/client/src/main.tsx'
,
    'C:\\Users\\Evatec
\\Music\\RentFlow-Dash
board\\package.json',
    'C:/Users/Evatec/M
usic/RentFlow-Dashboar
d/node_modules/react/j
sx-runtime.js',
    'C:/Users/Evatec/M
usic/RentFlow-Dashboar
d/node_modules/react-d
om/client.js',
    'C:/Users/Evatec/M
usic/RentFlow-Dashboar
d/client/src/App.tsx',
    'C:/Users/Evatec/M
usic/RentFlow-Dashboar
d/client/src/index.css
',
    'C:/Users/Evatec/M
usic/RentFlow-Dashboar
d/node_modules/react-d
om/index.js',
    'C:/Users/Evatec/M
usic/RentFlow-Dashboar
d/node_modules/react/c
js/react-jsx-runtime.p
roduction.min.js',
    'C:/Users/Evatec/M
usic/RentFlow-Dashboar
d/node_modules/wouter/
esm/index.js',
    'C:/Users/Evatec/M
usic/RentFlow-Dashboar
d/node_modules/@tansta
ck/react-query/build/m
odern/index.js',
    'C:/Users/Evatec/M
usic/RentFlow-Dashboar
d/node_modules/react/i
ndex.js',
    'C:/Users/Evatec/M
usic/RentFlow-Dashboar
d/client/src/lib/query
Client.ts',
    'C:/Users/Evatec/M
usic/RentFlow-Dashboar
d/client/src/component
s/ui/tooltip.tsx',
    'C:/Users/Evatec/M
usic/RentFlow-Dashboar
d/client/src/component
s/ui/toaster.tsx',
    'C:/Users/Evatec/M
usic/RentFlow-Dashboar
d/client/src/component
s/app-sidebar.tsx',
    'C:/Users/Evatec/M
usic/RentFlow-Dashboar
d/client/src/component
s/theme-toggle.tsx',
    'C:/Users/Evatec/M
usic/RentFlow-Dashboar
d/client/src/pages/not
-found.tsx',
    'C:/Users/Evatec/M
usic/RentFlow-Dashboar
d/client/src/component
s/ui/sidebar.tsx',
    'C:/Users/Evatec/M
usic/RentFlow-Dashboar
d/client/src/pages/das
hboard.tsx',
    'C:/Users/Evatec/M
usic/RentFlow-Dashboar
d/client/src/component
s/notifications-menu.t
sx',
    'C:/Users/Evatec/M
usic/RentFlow-Dashboar
d/client/src/component
s/protected-route.tsx'
,
    'C:/Users/Evatec/M
usic/RentFlow-Dashboar
d/client/src/pages/ten
ants.tsx',
    'C:/Users/Evatec/M
usic/RentFlow-Dashboar
d/client/src/pages/mai
ntenance.tsx',
    'C:/Users/Evatec/M
usic/RentFlow-Dashboar
d/client/src/pages/exp
enses.tsx',
    'C:/Users/Evatec/M
usic/RentFlow-Dashboar
d/client/src/pages/pay
ments.tsx',
    'C:/Users/Evatec/M
usic/RentFlow-Dashboar
d/client/src/pages/set
tings.tsx',
    'C:/Users/Evatec/M
usic/RentFlow-Dashboar
d/client/src/pages/pro
perties.tsx',
    'C:/Users/Evatec/M
usic/RentFlow-Dashboar
d/client/src/pages/hel
p.tsx',
    'C:/Users/Evatec/M
usic/RentFlow-Dashboar
d/client/src/hooks/use
-auth.ts',
    'C:/Users/Evatec/M
usic/RentFlow-Dashboar
d/client/src/hooks/use
-toast.ts',
    'C:/Users/Evatec/M
usic/RentFlow-Dashboar
d/client/src/lib/curre
ncy-utils.ts',
    'C:/Users/Evatec/M
usic/RentFlow-Dashboar
d/client/src/lib/pdf-g
enerators.ts',
    'C:/Users/Evatec/M
usic/RentFlow-Dashboar
d/client/src/lib/pdf-u
tils.ts',
    'C:/Users/Evatec/M
usic/RentFlow-Dashboar
d/client/src/lib/utils
.ts',
    'C:/Users/Evatec/M
usic/RentFlow-Dashboar
d/client/src/component
s/invoice-template.tsx
',
    'C:/Users/Evatec/M
usic/RentFlow-Dashboar
d/client/src/hooks/use
-mobile.tsx',
    'C:/Users/Evatec/M
usic/RentFlow-Dashboar
d/client/src/pages/for
got-password.tsx',
    'C:/Users/Evatec/M
usic/RentFlow-Dashboar
d/client/src/pages/log
in.tsx',
    'C:/Users/Evatec/M
usic/RentFlow-Dashboar
d/client/src/pages/sig
nup.tsx',
    'C:/Users/Evatec/M
usic/RentFlow-Dashboar
d/client/src/pages/wel
come.tsx',
    'C:/Users/Evatec/M
usic/RentFlow-Dashboar
d/client/src/component
s/ui/accordion.tsx',
    'C:/Users/Evatec/M
usic/RentFlow-Dashboar
d/client/src/component
s/ui/alert-dialog.tsx'
,
    'C:/Users/Evatec/M
usic/RentFlow-Dashboar
d/client/src/component
s/ui/alert.tsx',
    'C:/Users/Evatec/M
usic/RentFlow-Dashboar
d/client/src/component
s/ui/aspect-ratio.tsx'
,
    'C:/Users/Evatec/M
usic/RentFlow-Dashboar
d/client/src/component
s/ui/avatar.tsx',
    'C:/Users/Evatec/M
usic/RentFlow-Dashboar
d/client/src/component
s/ui/badge.tsx',
    'C:/Users/Evatec/M
usic/RentFlow-Dashboar
d/client/src/component
s/ui/breadcrumb.tsx',
    'C:/Users/Evatec/M
usic/RentFlow-Dashboar
d/client/src/component
s/ui/button.tsx',
    'C:/Users/Evatec/M
usic/RentFlow-Dashboar
d/client/src/component
s/ui/calendar.tsx',
    'C:/Users/Evatec/M
usic/RentFlow-Dashboar
d/client/src/component
s/ui/card.tsx',
    'C:/Users/Evatec/M
usic/RentFlow-Dashboar
d/client/src/component
s/ui/carousel.tsx',
    'C:/Users/Evatec/M
usic/RentFlow-Dashboar
d/client/src/component
s/ui/chart.tsx',
    'C:/Users/Evatec/M
usic/RentFlow-Dashboar
d/client/src/component
s/ui/checkbox.tsx',
    'C:/Users/Evatec/M
usic/RentFlow-Dashboar
d/client/src/component
s/ui/collapsible.tsx',
    'C:/Users/Evatec/M
usic/RentFlow-Dashboar
d/client/src/component
s/ui/command.tsx',
    'C:/Users/Evatec/M
usic/RentFlow-Dashboar
d/client/src/component
s/ui/context-menu.tsx'
,
    'C:/Users/Evatec/M
usic/RentFlow-Dashboar
d/client/src/component
s/ui/dialog.tsx',
    'C:/Users/Evatec/M
usic/RentFlow-Dashboar
d/client/src/component
s/ui/drawer.tsx',
    'C:/Users/Evatec/M
usic/RentFlow-Dashboar
d/client/src/component
s/ui/dropdown-menu.tsx
',
    'C:/Users/Evatec/M
usic/RentFlow-Dashboar
d/client/src/component
s/ui/form.tsx',
    'C:/Users/Evatec/M
usic/RentFlow-Dashboar
d/client/src/component
s/ui/hover-card.tsx',
    'C:/Users/Evatec/M
usic/RentFlow-Dashboar
d/client/src/component
s/ui/input-otp.tsx',
    'C:/Users/Evatec/M
usic/RentFlow-Dashboar
d/client/src/component
s/ui/input.tsx',
    'C:/Users/Evatec/M
usic/RentFlow-Dashboar
d/client/src/component
s/ui/label.tsx',
    'C:/Users/Evatec/M
usic/RentFlow-Dashboar
d/client/src/component
s/ui/menubar.tsx',
    'C:/Users/Evatec/M
usic/RentFlow-Dashboar
d/client/src/component
s/ui/navigation-menu.t
sx',
    'C:/Users/Evatec/M
usic/RentFlow-Dashboar
d/client/src/component
s/ui/pagination.tsx',
    'C:/Users/Evatec/M
usic/RentFlow-Dashboar
d/client/src/component
s/ui/popover.tsx',
    'C:/Users/Evatec/M
usic/RentFlow-Dashboar
d/client/src/component
s/ui/progress.tsx',
    'C:/Users/Evatec/M
usic/RentFlow-Dashboar
d/client/src/component
s/ui/radio-group.tsx',
    'C:/Users/Evatec/M
usic/RentFlow-Dashboar
d/client/src/component
s/ui/resizable.tsx',
    'C:/Users/Evatec/M
usic/RentFlow-Dashboar
d/client/src/component
s/ui/scroll-area.tsx',
    'C:/Users/Evatec/M
usic/RentFlow-Dashboar
d/client/src/component
s/ui/select.tsx',
    'C:/Users/Evatec/M
usic/RentFlow-Dashboar
d/client/src/component
s/ui/separator.tsx',
    'C:/Users/Evatec/M
usic/RentFlow-Dashboar
d/client/src/component
s/ui/sheet.tsx',
    'C:/Users/Evatec/M
usic/RentFlow-Dashboar
d/client/src/component
s/ui/skeleton.tsx',
    'C:/Users/Evatec/M
usic/RentFlow-Dashboar
d/client/src/component
s/ui/slider.tsx',
    'C:/Users/Evatec/M
usic/RentFlow-Dashboar
d/client/src/component
s/ui/switch.tsx',
    'C:/Users/Evatec/M
usic/RentFlow-Dashboar
d/client/src/component
s/ui/table.tsx',
    'C:/Users/Evatec/M
usic/RentFlow-Dashboar
d/client/src/component
s/ui/tabs.tsx',
    'C:/Users/Evatec/M
usic/RentFlow-Dashboar
d/client/src/component
s/ui/textarea.tsx',
    'C:/Users/Evatec/M
usic/RentFlow-Dashboar
d/client/src/component
s/ui/toast.tsx',
    'C:/Users/Evatec/M
usic/RentFlow-Dashboar
d/client/src/component
s/ui/toggle-group.tsx'
,
    'C:/Users/Evatec/M
usic/RentFlow-Dashboar
d/client/src/component
s/ui/toggle.tsx',
    'C:/Users/Evatec/M
usic/RentFlow-Dashboar
d/tailwind.config.ts',
    'C:/Users/Evatec/M
usic/RentFlow-Dashboar
d/node_modules/@tansta
ck/react-query/build/m
odern/types.js',
    'C:/Users/Evatec/M
usic/RentFlow-Dashboar
d/node_modules/@tansta
ck/react-query/build/m
odern/useSuspenseQuery
.js',
    'C:/Users/Evatec/M
usic/RentFlow-Dashboar
d/node_modules/@tansta
ck/query-core/build/mo
dern/index.js',
    'C:/Users/Evatec/M
usic/RentFlow-Dashboar
d/node_modules/@tansta
ck/react-query/build/m
odern/useQueries.js',
    'C:/Users/Evatec/M
usic/RentFlow-Dashboar
d/node_modules/react-d
om/cjs/react-dom.produ
ction.min.js'
  ]
}
